Component: Arm Compiler for Embedded 6.18 Tool: armlink [5e4cc100]

==============================================================================

Section Cross References

    adc.o(.ARM.exidx) refers to adc.o(.text) for [Anonymous Symbol]
    i2c.o(.text) refers to i2c.o(.bss.error) for [Anonymous Symbol]
    i2c.o(.text) refers to i2c.o(.bss.dummy) for dummy
    i2c.o(.ARM.exidx) refers to i2c.o(.text) for [Anonymous Symbol]
    lcd1602.o(.text) refers to i2c.o(.text) for I2C_Init
    lcd1602.o(.text) refers to lcd1602.o(.bss.pcf_address) for [Anonymous Symbol]
    lcd1602.o(.text) refers to lcd1602.o(.data.lcd_backlight) for [Anonymous Symbol]
    lcd1602.o(.text) refers to aeabi_sdivfast.o(.text_divfast) for __aeabi_idiv
    lcd1602.o(.text) refers to lcd1602.o(.data.PL_CH_a_) for PL_CH_a_
    lcd1602.o(.text) refers to lcd1602.o(.data.PL_CH_c_) for PL_CH_c_
    lcd1602.o(.text) refers to lcd1602.o(.data.PL_CH_e_) for PL_CH_e_
    lcd1602.o(.text) refers to lcd1602.o(.data.PL_CH_l_) for PL_CH_l_
    lcd1602.o(.text) refers to lcd1602.o(.data.PL_CH_n_) for PL_CH_n_
    lcd1602.o(.text) refers to lcd1602.o(.data.PL_CH_o_) for PL_CH_o_
    lcd1602.o(.text) refers to lcd1602.o(.data.PL_CH_s_) for PL_CH_s_
    lcd1602.o(.text) refers to lcd1602.o(.data.PL_CH_z_) for PL_CH_z_
    lcd1602.o(.ARM.exidx) refers to lcd1602.o(.text) for [Anonymous Symbol]
    main.o(.text) refers (Special) to _printf_percent.o(.ARM.Collect$$_printf_percent$$00000000) for _printf_percent
    main.o(.text) refers (Special) to _printf_d.o(.ARM.Collect$$_printf_percent$$00000009) for _printf_d
    main.o(.text) refers (Special) to _printf_f.o(.ARM.Collect$$_printf_percent$$00000003) for _printf_f
    main.o(.text) refers (Special) to _printf_dec.o(.text) for _printf_int_dec
    main.o(.text) refers (Special) to printf1.o(x$fpl$printf1) for _printf_fp_dec
    main.o(.text) refers to aeabi_sdivfast.o(.text_divfast) for __aeabi_uidiv
    main.o(.text) refers to system_mkl05z4.o(.data.SystemCoreClock) for SystemCoreClock
    main.o(.text) refers to main.o(.bss.timer_ms) for timer_ms
    main.o(.text) refers to fflti.o(.text) for __aeabi_ui2f
    main.o(.text) refers to main.o(.bss.temp) for temp
    main.o(.text) refers to main.o(.bss.wynik_ok) for wynik_ok
    main.o(.text) refers to main.o(.bss.wynik) for wynik
    main.o(.text) refers to strcmpv6m.o(.text) for strcmp
    main.o(.text) refers to fmul.o(x$fpl$fmul) for __aeabi_fmul
    main.o(.text) refers to fcmp.o(i._fls) for __aeabi_fcmplt
    main.o(.text) refers to lcd1602.o(.text) for LCD1602_SetCursor
    main.o(.text) refers to f2d.o(.text) for __aeabi_f2d
    main.o(.text) refers to noretval__2sprintf.o(.text) for __2sprintf
    main.o(.text) refers to fcmp.o(i._fgeq) for __aeabi_fcmpge
    main.o(.text) refers to main.o(.data.adc_volt_coeff) for adc_volt_coeff
    main.o(.text) refers to main.o(.rodata.str1.1) for [Anonymous Symbol]
    main.o(.text) refers to main.o(.data.display) for display
    main.o(.text) refers to main.o(.data.prog_tla) for prog_tla
    main.o(.text) refers to daddsub.o(.text) for __aeabi_dadd
    main.o(.text) refers to dcmp.o(i._dgr) for __aeabi_dcmpgt
    main.o(.text) refers to main.o(.data.jednostkaczasu_ms) for jednostkaczasu_ms
    main.o(.text) refers to main.o(.bss.czas_trwania_h) for czas_trwania_h
    main.o(.text) refers to dflti.o(.text) for __aeabi_ui2d
    main.o(.text) refers to dmul.o(.text) for __aeabi_dmul
    main.o(.text) refers to dcmp.o(i._dgeq) for __aeabi_dcmpge
    main.o(.text) refers to dcmp.o(i._dleq) for __aeabi_dcmple
    main.o(.text) refers to main.o(.bss.czas_trwania_l) for czas_trwania_l
    main.o(.text) refers to adc.o(.text) for ADC_Init
    main.o(.text) refers to main.o(.bss.wyraz_i) for wyraz_i
    main.o(.text) refers to main.o(.data.wyraz) for wyraz
    main.o(.text) refers to main.o(.data.kod) for kod
    main.o(.text) refers to main.o(.data.tolerancja_ms) for tolerancja_ms
    main.o(.ARM.exidx) refers (Special) to _printf_percent.o(.ARM.Collect$$_printf_percent$$00000000) for _printf_percent
    main.o(.ARM.exidx) refers (Special) to _printf_d.o(.ARM.Collect$$_printf_percent$$00000009) for _printf_d
    main.o(.ARM.exidx) refers (Special) to _printf_f.o(.ARM.Collect$$_printf_percent$$00000003) for _printf_f
    main.o(.ARM.exidx) refers (Special) to _printf_dec.o(.text) for _printf_int_dec
    main.o(.ARM.exidx) refers (Special) to printf1.o(x$fpl$printf1) for _printf_fp_dec
    main.o(.ARM.exidx) refers to main.o(.text) for [Anonymous Symbol]
    main.o(.bss.wyraz_i) refers (Special) to _printf_percent.o(.ARM.Collect$$_printf_percent$$00000000) for _printf_percent
    main.o(.bss.wyraz_i) refers (Special) to _printf_d.o(.ARM.Collect$$_printf_percent$$00000009) for _printf_d
    main.o(.bss.wyraz_i) refers (Special) to _printf_f.o(.ARM.Collect$$_printf_percent$$00000003) for _printf_f
[...]

7 unused section(s) (total 404 bytes) removed from the image.

==============================================================================

Image Symbol Table

    Local Symbols

    Symbol Name                              Value     Ov Type        Size  Object(Section)

    ../clib/angel/boardlib.s                 0x00000000   Number         0  boardinit1.o ABSOLUTE
    ../clib/angel/boardlib.s                 0x00000000   Number         0  boardinit2.o ABSOLUTE
    ../clib/angel/boardlib.s                 0x00000000   Number         0  boardinit3.o ABSOLUTE
    ../clib/angel/boardlib.s                 0x00000000   Number         0  boardshut.o ABSOLUTE
    ../clib/angel/handlers.s                 0x00000000   Number         0  __scatter_copy.o ABSOLUTE
    ../clib/angel/handlers.s                 0x00000000   Number         0  __scatter_zi.o ABSOLUTE
    ../clib/angel/kernel.s                   0x00000000   Number         0  __rtentry.o ABSOLUTE
    ../clib/angel/kernel.s                   0x00000000   Number         0  __rtentry2.o ABSOLUTE
    ../clib/angel/kernel.s                   0x00000000   Number         0  __rtentry4.o ABSOLUTE
    ../clib/angel/kernel.s                   0x00000000   Number         0  rtexit.o ABSOLUTE
    ../clib/angel/kernel.s                   0x00000000   Number         0  rtexit2.o ABSOLUTE
    ../clib/angel/rt.s                       0x00000000   Number         0  aeabi_idiv0.o ABSOLUTE
    ../clib/angel/rt.s                       0x00000000   Number         0  aeabi_idiv0_sigfpe.o ABSOLUTE
    ../clib/angel/rt.s                       0x00000000   Number         0  rt_div0.o ABSOLUTE
    ../clib/angel/rt.s                       0x00000000   Number         0  rt_locale.o ABSOLUTE
    ../clib/angel/rt.s                       0x00000000   Number         0  rt_locale_intlibspace.o ABSOLUTE
    ../clib/angel/rt.s                       0x00000000   Number         0  rt_raise.o ABSOLUTE
    ../clib/angel/scatterp.s                 0x00000000   Number         0  __scatter.o ABSOLUTE
    ../clib/angel/startup.s                  0x00000000   Number         0  __main.o ABSOLUTE
    ../clib/angel/sys.s                      0x00000000   Number         0  libspace.o ABSOLUTE
    ../clib/angel/sys.s                      0x00000000   Number         0  sys_stackheap_outer.o ABSOLUTE
    ../clib/angel/sys.s                      0x00000000   Number         0  tempstk.o ABSOLUTE
    ../clib/angel/sys.s                      0x00000000   Number         0  use_no_semi.o ABSOLUTE
    ../clib/angel/sys.s                      0x00000000   Number         0  indicate_semi.o ABSOLUTE
    ../clib/angel/sysapp.c                   0x00000000   Number         0  sys_exit.o ABSOLUTE
    ../clib/angel/sysapp.c                   0x00000000   Number         0  sys_exit_hlt.o ABSOLUTE
    ../clib/angel/sysapp.c                   0x00000000   Number         0  sys_wrch.o ABSOLUTE
    ../clib/angel/sysapp.c                   0x00000000   Number         0  sys_command.o ABSOLUTE
    ../clib/angel/sysapp.c                   0x00000000   Number         0  sys_wrch_hlt.o ABSOLUTE
    ../clib/angel/sysapp.c                   0x00000000   Number         0  sys_command_hlt.o ABSOLUTE
    ../clib/armsys.c                         0x00000000   Number         0  argv_veneer.o ABSOLUTE
    ../clib/armsys.c                         0x00000000   Number         0  _get_argv_nomalloc.o ABSOLUTE
    ../clib/armsys.c                         0x00000000   Number         0  no_argv.o ABSOLUTE
    ../clib/bigflt.c                         0x00000000   Number         0  bigflt0.o ABSOLUTE
    ../clib/btod.c                           0x00000000   Number         0  btod.o ABSOLUTE
    ../clib/btod_accurate.c                  0x00000000   Number         0  btod_accurate.o ABSOLUTE
    ../clib/btod_accurate.c                  0x00000000   Number         0  btod_accurate_common.o ABSOLUTE
    ../clib/division.c                       0x00000000   Number         0  rtudiv10.o ABSOLUTE
    ../clib/division.c                       0x00000000   Number         0  lludiv10.o ABSOLUTE
    ../clib/division.s                       0x00000000   Number         0  aeabi_sdivfast.o ABSOLUTE
    ../clib/division.s                       0x00000000   Number         0  aeabi_sdivfast_div0.o ABSOLUTE
    ../clib/heapalloc.c                      0x00000000   Number         0  hrguard.o ABSOLUTE
    ../clib/heapaux.c                        0x00000000   Number         0  heapauxi.o ABSOLUTE
    ../clib/libinit.s                        0x00000000   Number         0  libinit.o ABSOLUTE
    ../clib/libinit.s                        0x00000000   Number         0  libinit2.o ABSOLUTE
    ../clib/libinit.s                        0x00000000   Number         0  libshutdown.o ABSOLUTE
    ../clib/libinit.s                        0x00000000   Number         0  libshutdown2.o ABSOLUTE
    ../clib/locale.s                         0x00000000   Number         0  lc_numeric_c.o ABSOLUTE
    ../clib/longlong.c                       0x00000000   Number         0  llushr.o ABSOLUTE
    ../clib/memcpset.s                       0x00000000   Number         0  strcmpv6m.o ABSOLUTE
    ../clib/misc.s                           0x00000000   Number         0  printf_stubs.o ABSOLUTE
    ../clib/printf.c                         0x00000000   Number         0  __2sprintf.o ABSOLUTE
    ../clib/printf.c                         0x00000000   Number         0  noretval__2sprintf.o ABSOLUTE
    ../clib/printf.c                         0x00000000   Number         0  __printf.o ABSOLUTE
    ../clib/printf.c                         0x00000000   Number         0  _printf_dec.o ABSOLUTE
    ../clib/printf.c                         0x00000000   Number         0  __printf_flags.o ABSOLUTE
    ../clib/printf.c                         0x00000000   Number         0  __printf_ss.o ABSOLUTE
    ../clib/printf.c                         0x00000000   Number         0  __printf_flags_ss.o ABSOLUTE
    ../clib/printf.c                         0x00000000   Number         0  __printf_wp.o ABSOLUTE
    ../clib/printf.c                         0x00000000   Number         0  __printf_flags_wp.o ABSOLUTE
    ../clib/printf.c                         0x00000000   Number         0  __printf_ss_wp.o ABSOLUTE
    ../clib/printf.c                         0x00000000   Number         0  __printf_flags_ss_wp.o ABSOLUTE
    ../clib/printf.c                         0x00000000   Number         0  _printf_intcommon.o ABSOLUTE
    ../clib/printf.c                         0x00000000   Number         0  _printf_fp_dec.o ABSOLUTE
    ../clib/printf.c                         0x00000000   Number         0  _printf_fp_dec_accurate.o ABSOLUTE
    ../clib/printf.c                         0x00000000   Number         0  _printf_char_common.o ABSOLUTE
    ../clib/printf.c                         0x00000000   Number         0  _sputc.o ABSOLUTE
    ../clib/printf.c                         0x00000000   Number         0  _printf_fp_infnan.o ABSOLUTE
    ../clib/printf.c                         0x00000000   Number         0  __printf_nopercent.o ABSOLUTE
    ../clib/printf_percent.s                 0x00000000   Number         0  _printf_d.o ABSOLUTE
    ../clib/printf_percent.s                 0x00000000   Number         0  _printf_f.o ABSOLUTE
    ../clib/printf_percent.s                 0x00000000   Number         0  _printf_percent.o ABSOLUTE
    ../clib/printf_percent.s                 0x00000000   Number         0  _printf_percent_end.o ABSOLUTE
    ../clib/signal.c                         0x00000000   Number         0  defsig_fpe_outer.o ABSOLUTE
    ../clib/signal.c                         0x00000000   Number         0  defsig_fpe_formal.o ABSOLUTE
    ../clib/signal.c                         0x00000000   Number         0  defsig_exit.o ABSOLUTE
    ../clib/signal.c                         0x00000000   Number         0  defsig_fpe_inner.o ABSOLUTE
    ../clib/signal.c                         0x00000000   Number         0  __raise.o ABSOLUTE
    ../clib/signal.c                         0x00000000   Number         0  defsig_general.o ABSOLUTE
    ../clib/signal.c                         0x00000000   Number         0  defsig_rtmem_outer.o ABSOLUTE
    ../clib/signal.c                         0x00000000   Number         0  defsig_rtmem_formal.o ABSOLUTE
    ../clib/signal.c                         0x00000000   Number         0  defsig_abrt_inner.o ABSOLUTE
    ../clib/signal.c                         0x00000000   Number         0  defsig_rtred_inner.o ABSOLUTE
    ../clib/signal.c                         0x00000000   Number         0  defsig_rtmem_inner.o ABSOLUTE
    ../clib/signal.c                         0x00000000   Number         0  defsig_stak_inner.o ABSOLUTE
    ../clib/signal.c                         0x00000000   Number         0  defsig_pvfn_inner.o ABSOLUTE
    ../clib/signal.c                         0x00000000   Number         0  defsig_cppl_inner.o ABSOLUTE
    ../clib/signal.c                         0x00000000   Number         0  defsig_segv_inner.o ABSOLUTE
    ../clib/signal.c                         0x00000000   Number         0  defsig_other.o ABSOLUTE
    ../clib/signal.s                         0x00000000   Number         0  defsig.o ABSOLUTE
    ../clib/stdlib.c                         0x00000000   Number         0  exit.o ABSOLUTE
    ../fplib/cfplib/cmp.c                    0x00000000   Number         0  dcmp.o ABSOLUTE
    ../fplib/cfplib/cmp.c                    0x00000000   Number         0  fcmp.o ABSOLUTE
    ../fplib/cfplib/cmpret.c                 0x00000000   Number         0  cmpret.o ABSOLUTE
    ../fplib/cfplib/daddsub.c                0x00000000   Number         0  daddsub.o ABSOLUTE
    ../fplib/cfplib/dcmpin.c                 0x00000000   Number         0  dcmpin.o ABSOLUTE
    ../fplib/cfplib/dmul.c                   0x00000000   Number         0  dmul.o ABSOLUTE
    ../fplib/cfplib/f2d.c                    0x00000000   Number         0  f2d.o ABSOLUTE
    ../fplib/cfplib/fcmpin.c                 0x00000000   Number         0  fcmpin.o ABSOLUTE
    ../fplib/cfplib/fflt.c                   0x00000000   Number         0  dflti.o ABSOLUTE
    ../fplib/cfplib/fflt.c                   0x00000000   Number         0  fflti.o ABSOLUTE
    ../fplib/cfplib/fpinit.c                 0x00000000   Number         0  fpinit.o ABSOLUTE
    ../fplib/cfplib/ieee_status.c            0x00000000   Number         0  ieee_status.o ABSOLUTE
    ../fplib/cfplib/nan2.c                   0x00000000   Number         0  dnan2.o ABSOLUTE
    ../fplib/cfplib/nan2.c                   0x00000000   Number         0  fnan2.o ABSOLUTE
    ../fplib/cfplib/retnan.c                 0x00000000   Number         0  retnan.o ABSOLUTE
    ../fplib/deqf6m.s                        0x00000000   Number         0  deqf.o ABSOLUTE
    ../fplib/dgeqf6m.s                       0x00000000   Number         0  dgef.o ABSOLUTE
    ../fplib/dleqf6m.s                       0x00000000   Number         0  dlef.o ABSOLUTE
    ../fplib/feqf6m.s                        0x00000000   Number         0  feqf.o ABSOLUTE
    ../fplib/fgeqf6m.s                       0x00000000   Number         0  fgef.o ABSOLUTE
    ../fplib/fleqf6m.s                       0x00000000   Number         0  flef.o ABSOLUTE
    ../fplib/fmul6m.s                        0x00000000   Number         0  fmul.o ABSOLUTE
    ../fplib/printf1.s                       0x00000000   Number         0  printf1.o ABSOLUTE
    ../fplib/usenofp.s                       0x00000000   Number         0  usenofp.o ABSOLUTE
    ../mathlib/fpclassify.c                  0x00000000   Number         0  fpclassify.o ABSOLUTE
    ADC.c                                    0x00000000   Number         0  adc.o ABSOLUTE
    RTE/Device/MKL05Z32xxx4/startup_MKL05Z4.s 0x00000000   Number         0  startup_mkl05z4.o ABSOLUTE
    dc.s                                     0x00000000   Number         0  dc.o ABSOLUTE
    i2c.c                                    0x00000000   Number         0  i2c.o ABSOLUTE
    lcd1602.c                                0x00000000   Number         0  lcd1602.o ABSOLUTE
    main.c                                   0x00000000   Number         0  main.o ABSOLUTE
    system_MKL05Z4.c                         0x00000000   Number         0  system_mkl05z4.o ABSOLUTE
    RESET                                    0x00000000   Section      192  startup_mkl05z4.o(RESET)
    !!!main                                  0x000000c0   Section        8  __main.o(!!!main)
    !!!scatter                               0x000000c8   Section       60  __scatter.o(!!!scatter)
    !!handler_copy                           0x00000104   Section       26  __scatter_copy.o(!!handler_copy)
    !!handler_zi                             0x00000120   Section       28  __scatter_zi.o(!!handler_zi)
    .ARM.Collect$$_printf_percent$$00000000  0x0000013c   Section        2  _printf_percent.o(.ARM.Collect$$_printf_percent$$00000000)
    .ARM.Collect$$_printf_percent$$00000003  0x0000013e   Section       10  _printf_f.o(.ARM.Collect$$_printf_percent$$00000003)
    .ARM.Collect$$_printf_percent$$00000009  0x00000148   Section       10  _printf_d.o(.ARM.Collect$$_printf_percent$$00000009)
    .ARM.Collect$$_printf_percent$$00000017  0x00000152   Section        4  _printf_percent_end.o(.ARM.Collect$$_printf_percent$$00000017)
    .ARM.Collect$$libinit$$00000000          0x00000156   Section        2  libinit.o(.ARM.Collect$$libinit$$00000000)
    .ARM.Collect$$libinit$$00000002          0x00000158   Section        0  libinit2.o(.ARM.Collect$$libinit$$00000002)
    .ARM.Collect$$libinit$$00000004          0x00000158   Section        0  libinit2.o(.ARM.Collect$$libinit$$00000004)
    .ARM.Collect$$libinit$$00000006          0x00000158   Section        0  libinit2.o(.ARM.Collect$$libinit$$00000006)
    .ARM.Collect$$libinit$$0000000C          0x00000158   Section        0  libinit2.o(.ARM.Collect$$libinit$$0000000C)
    .ARM.Collect$$libinit$$0000000E          0x00000158   Section        0  libinit2.o(.ARM.Collect$$libinit$$0000000E)
    .ARM.Collect$$libinit$$00000010          0x00000158   Section        0  libinit2.o(.ARM.Collect$$libinit$$00000010)
    .ARM.Collect$$libinit$$00000011          0x00000158   Section        6  libinit2.o(.ARM.Collect$$libinit$$00000011)
    .ARM.Collect$$libinit$$00000013          0x0000015e   Section        0  libinit2.o(.ARM.Collect$$libinit$$00000013)
    .ARM.Collect$$libinit$$00000015          0x0000015e   Section        0  libinit2.o(.ARM.Collect$$libinit$$00000015)
    .ARM.Collect$$libinit$$00000017          0x0000015e   Section        0  libinit2.o(.ARM.Collect$$libinit$$00000017)
    .ARM.Collect$$libinit$$00000018          0x0000015e   Section       10  libinit2.o(.ARM.Collect$$libinit$$00000018)
    .ARM.Collect$$libinit$$00000019          0x00000168   Section        0  libinit2.o(.ARM.Collect$$libinit$$00000019)
    .ARM.Collect$$libinit$$0000001B          0x00000168   Section        0  libinit2.o(.ARM.Collect$$libinit$$0000001B)
    .ARM.Collect$$libinit$$0000001D          0x00000168   Section        0  libinit2.o(.ARM.Collect$$libinit$$0000001D)
    .ARM.Collect$$libinit$$0000001F          0x00000168   Section        0  libinit2.o(.ARM.Collect$$libinit$$0000001F)
    .ARM.Collect$$libinit$$00000021          0x00000168   Section        0  libinit2.o(.ARM.Collect$$libinit$$00000021)
    .ARM.Collect$$libinit$$00000023          0x00000168   Section        0  libinit2.o(.ARM.Collect$$libinit$$00000023)
    .ARM.Collect$$libinit$$00000025          0x00000168   Section        0  libinit2.o(.ARM.Collect$$libinit$$00000025)
    .ARM.Collect$$libinit$$00000027          0x00000168   Section        0  libinit2.o(.ARM.Collect$$libinit$$00000027)
    .ARM.Collect$$libinit$$0000002E          0x00000168   Section        0  libinit2.o(.ARM.Collect$$libinit$$0000002E)
    .ARM.Collect$$libinit$$00000030          0x00000168   Section        0  libinit2.o(.ARM.Collect$$libinit$$00000030)
    .ARM.Collect$$libinit$$00000032          0x00000168   Section        0  libinit2.o(.ARM.Collect$$libinit$$00000032)
    .ARM.Collect$$libinit$$00000034          0x00000168   Section        0  libinit2.o(.ARM.Collect$$libinit$$00000034)
    .ARM.Collect$$libinit$$00000035          0x00000168   Section        2  libinit2.o(.ARM.Collect$$libinit$$00000035)
    .ARM.Collect$$libshutdown$$00000000      0x0000016a   Section        2  libshutdown.o(.ARM.Collect$$libshutdown$$00000000)
    .ARM.Collect$$libshutdown$$00000002      0x0000016c   Section        0  libshutdown2.o(.ARM.Collect$$libshutdown$$00000002)
    .ARM.Collect$$libshutdown$$00000004      0x0000016c   Section        0  libshutdown2.o(.ARM.Collect$$libshutdown$$00000004)
    .ARM.Collect$$libshutdown$$00000007      0x0000016c   Section        0  libshutdown2.o(.ARM.Collect$$libshutdown$$00000007)
    .ARM.Collect$$libshutdown$$0000000A      0x0000016c   Section        0  libshutdown2.o(.ARM.Collect$$libshutdown$$0000000A)
    .ARM.Collect$$libshutdown$$0000000C      0x0000016c   Section        0  libshutdown2.o(.ARM.Collect$$libshutdown$$0000000C)
    .ARM.Collect$$libshutdown$$0000000F      0x0000016c   Section        0  libshutdown2.o(.ARM.Collect$$libshutdown$$0000000F)
    .ARM.Collect$$libshutdown$$00000010      0x0000016c   Section        2  libshutdown2.o(.ARM.Collect$$libshutdown$$00000010)
    .ARM.Collect$$rtentry$$00000000          0x0000016e   Section        0  __rtentry.o(.ARM.Collect$$rtentry$$00000000)
    .ARM.Collect$$rtentry$$00000002          0x0000016e   Section        0  __rtentry2.o(.ARM.Collect$$rtentry$$00000002)
    .ARM.Collect$$rtentry$$00000004          0x0000016e   Section        6  __rtentry4.o(.ARM.Collect$$rtentry$$00000004)
    .ARM.Collect$$rtentry$$00000009          0x00000174   Section        0  __rtentry2.o(.ARM.Collect$$rtentry$$00000009)
    .ARM.Collect$$rtentry$$0000000A          0x00000174   Section        4  __rtentry2.o(.ARM.Collect$$rtentry$$0000000A)
    .ARM.Collect$$rtentry$$0000000C          0x00000178   Section        0  __rtentry2.o(.ARM.Collect$$rtentry$$0000000C)
    .ARM.Collect$$rtentry$$0000000D          0x00000178   Section        8  __rtentry2.o(.ARM.Collect$$rtentry$$0000000D)
    .ARM.Collect$$rtexit$$00000000           0x00000180   Section        2  rtexit.o(.ARM.Collect$$rtexit$$00000000)
    .ARM.Collect$$rtexit$$00000002           0x00000182   Section        0  rtexit2.o(.ARM.Collect$$rtexit$$00000002)
    .ARM.Collect$$rtexit$$00000003           0x00000182   Section        4  rtexit2.o(.ARM.Collect$$rtexit$$00000003)
    .ARM.Collect$$rtexit$$00000004           0x00000186   Section        6  rtexit2.o(.ARM.Collect$$rtexit$$00000004)
    [Anonymous Symbol]                       0x0000018c   Section        0  adc.o(.text)
    __arm_cp.0_0                             0x0000022c   Number         4  adc.o(.text)
    __arm_cp.0_1                             0x00000230   Number         4  adc.o(.text)
    __arm_cp.0_2                             0x00000234   Number         4  adc.o(.text)
    __arm_cp.0_3                             0x00000238   Number         4  adc.o(.text)
    __arm_cp.0_4                             0x0000023c   Number         4  adc.o(.text)
    .text                                    0x00000240   Section       52  startup_mkl05z4.o(.text)
    [Anonymous Symbol]                       0x00000274   Section        0  system_mkl05z4.o(.text)
    __arm_cp.0_0                             0x000002b0   Number         4  system_mkl05z4.o(.text)
    __arm_cp.0_1                             0x000002b4   Number         4  system_mkl05z4.o(.text)
    __arm_cp.0_2                             0x000002b8   Number         4  system_mkl05z4.o(.text)
    __arm_cp.0_3                             0x000002bc   Number         4  system_mkl05z4.o(.text)
    __arm_cp.1_0                             0x00000360   Number         4  system_mkl05z4.o(.text)
    __arm_cp.1_1                             0x00000364   Number         4  system_mkl05z4.o(.text)
    __arm_cp.1_2                             0x00000368   Number         4  system_mkl05z4.o(.text)
    __arm_cp.1_3                             0x0000036c   Number         4  system_mkl05z4.o(.text)
    __arm_cp.1_4                             0x00000370   Number         4  system_mkl05z4.o(.text)
    __arm_cp.1_5                             0x00000374   Number         4  system_mkl05z4.o(.text)
    .text                                    0x00000378   Section        0  noretval__2sprintf.o(.text)
    .text                                    0x000003a0   Section        0  heapauxi.o(.text)
    .text                                    0x000003a6   Section        0  dflti.o(.text)
    .text                                    0x000003fe   Section        2  use_no_semi.o(.text)
    .ARM.__at_0x400                          0x00000400   Section       16  startup_mkl05z4.o(.ARM.__at_0x400)
    [Anonymous Symbol]                       0x00000410   Section        0  i2c.o(.text)
    __arm_cp.0_0                             0x00000450   Number         4  i2c.o(.text)
    __arm_cp.0_1                             0x00000454   Number         4  i2c.o(.text)
    __arm_cp.0_2                             0x00000458   Number         4  i2c.o(.text)
    __arm_cp.1_0                             0x000004d8   Number         4  i2c.o(.text)
    __arm_cp.1_1                             0x000004dc   Number         4  i2c.o(.text)
    __arm_cp.1_2                             0x000004e0   Number         4  i2c.o(.text)
    __arm_cp.2_0                             0x000004f0   Number         4  i2c.o(.text)
    __arm_cp.3_0                             0x00000500   Number         4  i2c.o(.text)
    __arm_cp.4_0                             0x00000510   Number         4  i2c.o(.text)
    __arm_cp.5_0                             0x0000051c   Number         4  i2c.o(.text)
    __arm_cp.6_0                             0x0000056c   Number         4  i2c.o(.text)
    __arm_cp.6_1                             0x00000570   Number         4  i2c.o(.text)
    __arm_cp.6_2                             0x00000574   Number         4  i2c.o(.text)
    __arm_cp.7_0                             0x00000584   Number         4  i2c.o(.text)
    __arm_cp.8_0                             0x00000594   Number         4  i2c.o(.text)
    __arm_cp.9_0                             0x00000650   Number         4  i2c.o(.text)
    __arm_cp.9_1                             0x00000654   Number         4  i2c.o(.text)
    __arm_cp.9_2                             0x00000658   Number         4  i2c.o(.text)
    __arm_cp.10_0                            0x00000724   Number         4  i2c.o(.text)
    __arm_cp.10_1                            0x00000728   Number         4  i2c.o(.text)
    __arm_cp.10_2                            0x0000072c   Number         4  i2c.o(.text)
    __arm_cp.10_3                            0x00000730   Number         4  i2c.o(.text)
    __arm_cp.11_0                            0x00000740   Number         4  i2c.o(.text)
    __arm_cp.12_0                            0x00000750   Number         4  i2c.o(.text)
    __arm_cp.13_0                            0x0000075c   Number         4  i2c.o(.text)
    __arm_cp.14_0                            0x0000079c   Number         4  i2c.o(.text)
    __arm_cp.14_1                            0x000007a0   Number         4  i2c.o(.text)
    __arm_cp.14_2                            0x000007a4   Number         4  i2c.o(.text)
    __arm_cp.15_0                            0x000008a8   Number         4  i2c.o(.text)
    __arm_cp.15_1                            0x000008ac   Number         4  i2c.o(.text)
    __arm_cp.15_2                            0x000008b0   Number         4  i2c.o(.text)
    __arm_cp.16_0                            0x00000a24   Number         4  i2c.o(.text)
    __arm_cp.16_1                            0x00000a28   Number         4  i2c.o(.text)
    __arm_cp.16_2                            0x00000a2c   Number         4  i2c.o(.text)
    __arm_cp.16_3                            0x00000a30   Number         4  i2c.o(.text)
    __arm_cp.17_0                            0x00000a40   Number         4  i2c.o(.text)
    __arm_cp.18_0                            0x00000a58   Number         4  i2c.o(.text)
    __arm_cp.19_0                            0x00000c98   Number         4  i2c.o(.text)
    __arm_cp.19_1                            0x00000c9c   Number         4  i2c.o(.text)
    __arm_cp.19_2                            0x00000ca0   Number         4  i2c.o(.text)
    __arm_cp.19_3                            0x00000ca4   Number         4  i2c.o(.text)
    __arm_cp.20_0                            0x00000cb4   Number         4  i2c.o(.text)
    [Anonymous Symbol]                       0x00000cb8   Section        0  lcd1602.o(.text)
    __arm_cp.0_0                             0x00000d20   Number         4  lcd1602.o(.text)
    __arm_cp.0_1                             0x00000d24   Number         4  lcd1602.o(.text)
    __arm_cp.1_0                             0x00000d50   Number         4  lcd1602.o(.text)
    __arm_cp.2_0                             0x00000df4   Number         4  lcd1602.o(.text)
    __arm_cp.2_1                             0x00000df8   Number         4  lcd1602.o(.text)
    __arm_cp.11_0                            0x00000fb0   Number         4  lcd1602.o(.text)
    __arm_cp.11_1                            0x00000fb4   Number         4  lcd1602.o(.text)
    __arm_cp.12_0                            0x00000fdc   Number         4  lcd1602.o(.text)
    __arm_cp.12_1                            0x00000fe0   Number         4  lcd1602.o(.text)
    __arm_cp.13_0                            0x00001034   Number         4  lcd1602.o(.text)
    __arm_cp.13_1                            0x00001038   Number         4  lcd1602.o(.text)
    __arm_cp.14_0                            0x00001104   Number         4  lcd1602.o(.text)
    __arm_cp.14_1                            0x00001108   Number         4  lcd1602.o(.text)
    __arm_cp.15_0                            0x000011b0   Number         4  lcd1602.o(.text)
    __arm_cp.15_1                            0x000011b4   Number         4  lcd1602.o(.text)
    __arm_cp.15_2                            0x000011b8   Number         4  lcd1602.o(.text)
    __arm_cp.15_3                            0x000011bc   Number         4  lcd1602.o(.text)
    __arm_cp.15_4                            0x000011c0   Number         4  lcd1602.o(.text)
    __arm_cp.15_5                            0x000011c4   Number         4  lcd1602.o(.text)
    __arm_cp.15_6                            0x000011c8   Number         4  lcd1602.o(.text)
    __arm_cp.15_7                            0x000011cc   Number         4  lcd1602.o(.text)
    [Anonymous Symbol]                       0x00001258   Section        0  main.o(.text)
    __arm_cp.0_0                             0x0000129c   Number         4  main.o(.text)
    __arm_cp.0_1                             0x000012a0   Number         4  main.o(.text)
    __arm_cp.0_2                             0x000012a4   Number         4  main.o(.text)
    __arm_cp.0_3                             0x000012a8   Number         4  main.o(.text)
    __arm_cp.0_4                             0x000012ac   Number         4  main.o(.text)
    __arm_cp.0_5                             0x000012b0   Number         4  main.o(.text)
    __arm_cp.1_0                             0x000012cc   Number         4  main.o(.text)
    __arm_cp.1_1                             0x000012d0   Number         4  main.o(.text)
    __arm_cp.2_0                             0x000012f8   Number         4  main.o(.text)
    __arm_cp.2_1                             0x000012fc   Number         4  main.o(.text)
    __arm_cp.2_2                             0x00001300   Number         4  main.o(.text)
    __arm_cp.2_3                             0x00001304   Number         4  main.o(.text)
    __arm_cp.4_0                             0x00001708   Number         4  main.o(.text)
    __arm_cp.4_1                             0x0000170c   Number         4  main.o(.text)
    __arm_cp.4_2                             0x00001710   Number         4  main.o(.text)
    __arm_cp.4_3                             0x00001714   Number         4  main.o(.text)
    __arm_cp.4_4                             0x00001718   Number         4  main.o(.text)
    __arm_cp.4_6                             0x0000172c   Number         4  main.o(.text)
    __arm_cp.4_7                             0x00001730   Number         4  main.o(.text)
    __arm_cp.5_0                             0x000017a4   Number         4  main.o(.text)
    __arm_cp.5_1                             0x000017a8   Number         4  main.o(.text)
    __arm_cp.5_2                             0x000017ac   Number         4  main.o(.text)
    __arm_cp.5_3                             0x000017b0   Number         4  main.o(.text)
    __arm_cp.5_4                             0x000017b4   Number         4  main.o(.text)
    __arm_cp.5_5                             0x000017b8   Number         4  main.o(.text)
    __arm_cp.5_6                             0x000017bc   Number         4  main.o(.text)
    __arm_cp.5_7                             0x000017c0   Number         4  main.o(.text)
    __arm_cp.6_0                             0x0000185c   Number         4  main.o(.text)
    __arm_cp.6_1                             0x00001860   Number         4  main.o(.text)
    __arm_cp.6_2                             0x00001864   Number         4  main.o(.text)
    __arm_cp.6_3                             0x00001868   Number         4  main.o(.text)
    __arm_cp.6_4                             0x0000186c   Number         4  main.o(.text)
    __arm_cp.6_5                             0x00001870   Number         4  main.o(.text)
    __arm_cp.6_6                             0x00001874   Number         4  main.o(.text)
    __arm_cp.6_7                             0x00001878   Number         4  main.o(.text)
    __arm_cp.6_8                             0x0000187c   Number         4  main.o(.text)
    __arm_cp.6_9                             0x00001880   Number         4  main.o(.text)
    __arm_cp.7_36                            0x00001c7c   Number         4  main.o(.text)
    __arm_cp.7_37                            0x00001c80   Number         4  main.o(.text)
    __arm_cp.7_38                            0x00001c84   Number         4  main.o(.text)
    __arm_cp.7_39                            0x00001c88   Number         4  main.o(.text)
    __arm_cp.7_40                            0x00001c8c   Number         4  main.o(.text)
    __arm_cp.7_41                            0x00001c90   Number         4  main.o(.text)
    __arm_cp.7_43                            0x00001ca0   Number         4  main.o(.text)
    __arm_cp.7_9                             0x00001d28   Number         4  main.o(.text)
    __arm_cp.7_10                            0x00001d2c   Number         4  main.o(.text)
    __arm_cp.7_11                            0x00001d30   Number         4  main.o(.text)
    __arm_cp.7_13                            0x00001d44   Number         4  main.o(.text)
    __arm_cp.7_14                            0x00001d48   Number         4  main.o(.text)
    __arm_cp.7_15                            0x00001d4c   Number         4  main.o(.text)
    __arm_cp.7_16                            0x00001d50   Number         4  main.o(.text)
    __arm_cp.7_17                            0x00001d54   Number         4  main.o(.text)
    __arm_cp.7_19                            0x00001d64   Number         4  main.o(.text)
    __arm_cp.7_20                            0x00001d68   Number         4  main.o(.text)
    __arm_cp.7_21                            0x00001d6c   Number         4  main.o(.text)
    __arm_cp.7_22                            0x00001d70   Number         4  main.o(.text)
    __arm_cp.7_23                            0x00001d74   Number         4  main.o(.text)
    __arm_cp.7_24                            0x00001d78   Number         4  main.o(.text)
    __arm_cp.7_25                            0x00001d7c   Number         4  main.o(.text)
    __arm_cp.7_26                            0x00001d80   Number         4  main.o(.text)
    __arm_cp.7_27                            0x00001d84   Number         4  main.o(.text)
    __arm_cp.7_28                            0x00001d88   Number         4  main.o(.text)
    __arm_cp.7_30                            0x00001d8c   Number         4  main.o(.text)
    __arm_cp.7_31                            0x00001d90   Number         4  main.o(.text)
    .text                                    0x00001dbc   Section        0  _printf_dec.o(.text)
    .text                                    0x00001e28   Section        0  __printf_wp.o(.text)
    .text                                    0x00001f38   Section      176  strcmpv6m.o(.text)
    .text                                    0x00001fe8   Section      504  aeabi_sdivfast.o(.text)
    _dadd1                                   0x000021e1   Thumb Code   290  daddsub.o(.text)
    .text                                    0x000021e0   Section        0  daddsub.o(.text)
    _dsub1                                   0x00002303   Thumb Code   470  daddsub.o(.text)
    .text                                    0x00002538   Section        0  dmul.o(.text)
    .text                                    0x00002780   Section        0  f2d.o(.text)
    .text                                    0x000027d4   Section        0  fflti.o(.text)
    .text                                    0x00002832   Section        0  _printf_intcommon.o(.text)
    _fp_digits                               0x000028e5   Thumb Code   412  _printf_fp_dec.o(.text)
    .text                                    0x000028e4   Section        0  _printf_fp_dec.o(.text)
    _printf_input_char                       0x00002cf9   Thumb Code    10  _printf_char_common.o(.text)
    .text                                    0x00002cf8   Section        0  _printf_char_common.o(.text)
    .text                                    0x00002d28   Section        0  _sputc.o(.text)
    .text                                    0x00002d32   Section        0  rtudiv10.o(.text)
    .text                                    0x00002d5c   Section        8  rt_locale_intlibspace.o(.text)
    .text                                    0x00002d64   Section        0  lludiv10.o(.text)
    .text                                    0x00002de0   Section        0  _printf_fp_infnan.o(.text)
    .text                                    0x00002e68   Section        0  bigflt0.o(.text)
    .text                                    0x00002f40   Section        0  btod.o(.text)
    btod_internal_mul                        0x00002f81   Thumb Code   492  btod.o(.text)
    btod_internal_div                        0x0000316d   Thumb Code   520  btod.o(.text)
    .text                                    0x000034c0   Section        0  dcmpin.o(.text)
    .text                                    0x00003560   Section        0  fcmpin.o(.text)
    .text                                    0x000035c4   Section        8  libspace.o(.text)
    .text                                    0x000035cc   Section       62  sys_stackheap_outer.o(.text)
    .text                                    0x0000360a   Section        0  exit.o(.text)
    .text                                    0x0000361a   Section        0  cmpret.o(.text)
    .text                                    0x00003648   Section        0  dnan2.o(.text)
    .text                                    0x0000365c   Section        0  fnan2.o(.text)
    .text                                    0x0000366c   Section        0  retnan.o(.text)
    .text                                    0x000036cc   Section        0  sys_exit.o(.text)
    .text                                    0x000036d8   Section        0  indicate_semi.o(.text)
    .text_divfast                            0x000036d8   Section      502  aeabi_sdivfast.o(.text_divfast)
    i.__ARM_common_ll_muluu                  0x000038ce   Section        0  btod.o(i.__ARM_common_ll_muluu)
    i.__ARM_fpclassify                       0x00003900   Section        0  fpclassify.o(i.__ARM_fpclassify)
    i._dgeq                                  0x0000392c   Section        0  dcmp.o(i._dgeq)
    i._dgr                                   0x00003942   Section        0  dcmp.o(i._dgr)
    i._dleq                                  0x00003958   Section        0  dcmp.o(i._dleq)
    i._fgeq                                  0x00003972   Section        0  fcmp.o(i._fgeq)
    i._fls                                   0x00003988   Section        0  fcmp.o(i._fls)
    i._is_digit                              0x0000399e   Section        0  __printf_wp.o(i._is_digit)
    locale$$code                             0x000039ac   Section       44  lc_numeric_c.o(locale$$code)
    x$fpl$dgeqf                              0x000039d8   Section      100  dgef.o(x$fpl$dgeqf)
    x$fpl$dleqf                              0x00003a3c   Section      100  dlef.o(x$fpl$dleqf)
    x$fpl$fgeqf                              0x00003aa0   Section       84  fgef.o(x$fpl$fgeqf)
    x$fpl$fleqf                              0x00003af4   Section       84  flef.o(x$fpl$fleqf)
    x$fpl$fmul                               0x00003b48   Section      176  fmul.o(x$fpl$fmul)
    x$fpl$printf1                            0x00003bf8   Section       16  printf1.o(x$fpl$printf1)
    tenpwrs_x                                0x00003c08   Data          60  bigflt0.o(.constdata)
    .constdata                               0x00003c08   Section      148  bigflt0.o(.constdata)
    x$fpl$usenofp                            0x00003c08   Section        0  usenofp.o(x$fpl$usenofp)
    tenpwrs_i                                0x00003c44   Data          64  bigflt0.o(.constdata)
    [Anonymous Symbol]                       0x00003c9c   Section        0  main.o(.rodata.str1.1)
    locale$$data                             0x00003cf0   Section       28  lc_numeric_c.o(locale$$data)
    __lcnum_c_name                           0x00003cf4   Data           2  lc_numeric_c.o(locale$$data)
    __lcnum_c_start                          0x00003cfc   Data           0  lc_numeric_c.o(locale$$data)
    __lcnum_c_point                          0x00003d08   Data           0  lc_numeric_c.o(locale$$data)
    __lcnum_c_thousands                      0x00003d0a   Data           0  lc_numeric_c.o(locale$$data)
    __lcnum_c_grouping                       0x00003d0b   Data           0  lc_numeric_c.o(locale$$data)
    __lcnum_c_end                            0x00003d0c   Data           0  lc_numeric_c.o(locale$$data)
    lcd_backlight                            0x1ffffc66   Data           1  lcd1602.o(.data.lcd_backlight)
    [Anonymous Symbol]                       0x1ffffc66   Section        0  lcd1602.o(.data.lcd_backlight)
    .bss                                     0x1ffffc88   Section       96  libspace.o(.bss)
    error                                    0x1ffffcf1   Data           1  i2c.o(.bss.error)
    [Anonymous Symbol]                       0x1ffffcf1   Section        0  i2c.o(.bss.error)
    pcf_address                              0x1ffffcf2   Data           1  lcd1602.o(.bss.pcf_address)
    [Anonymous Symbol]                       0x1ffffcf2   Section        0  lcd1602.o(.bss.pcf_address)
    Heap_Mem                                 0x1ffffd08   Data           0  startup_mkl05z4.o(HEAP)
    Stack_Mem                                0x1ffffd08   Data         768  startup_mkl05z4.o(STACK)
    HEAP                                     0x1ffffd08   Section        0  startup_mkl05z4.o(HEAP)
    STACK                                    0x1ffffd08   Section      768  startup_mkl05z4.o(STACK)
    __initial_sp                             0x20000008   Data           0  startup_mkl05z4.o(STACK)

    Global Symbols

    Symbol Name                              Value     Ov Type        Size  Object(Section)

    BuildAttributes$$THM_ISAv3M$S$PE$A:L22$X:L11$S22$IEEE1$IW$~IW$USESV6$~STKCKD$USESV7$~SHL$OTIME$ROPI$IEEEJ$EBA8$UX$STANDARDLIB$REQ8$PRES8$EABIv2 0x00000000   Number         0  anon$$obj.o ABSOLUTE
    __Vectors                                0x00000000   Data           4  startup_mkl05z4.o(RESET)
    _printf_flags                            0x00000000   Number         0  printf_stubs.o ABSOLUTE
    _printf_return_value                     0x00000000   Number         0  printf_stubs.o ABSOLUTE
    _printf_sizespec                         0x00000000   Number         0  printf_stubs.o ABSOLUTE
    _printf_widthprec                        0x00000000   Number         0  printf_stubs.o ABSOLUTE
    __ARM_exceptions_init                     - Undefined Weak Reference
    __alloca_initialize                       - Undefined Weak Reference
    __arm_preinit_                            - Undefined Weak Reference
    __arm_relocate_pie_                       - Undefined Weak Reference
    __cpp_initialize__aeabi_                  - Undefined Weak Reference
    __cxa_finalize                            - Undefined Weak Reference
    __sigvec_lookup                           - Undefined Weak Reference
    _atexit_init                              - Undefined Weak Reference
    _call_atexit_fns                          - Undefined Weak Reference
    _clock_init                               - Undefined Weak Reference
    _fp_trap_init                             - Undefined Weak Reference
    _fp_trap_shutdown                         - Undefined Weak Reference
    _get_lc_collate                           - Undefined Weak Reference
    _get_lc_ctype                             - Undefined Weak Reference
    _get_lc_monetary                          - Undefined Weak Reference
    _get_lc_time                              - Undefined Weak Reference
    _getenv_init                              - Undefined Weak Reference
    _handle_redirection                       - Undefined Weak Reference
    _init_alloc                               - Undefined Weak Reference
    _init_user_alloc                          - Undefined Weak Reference
    _initio                                   - Undefined Weak Reference
    _printf_post_padding                      - Undefined Weak Reference
    _printf_pre_padding                       - Undefined Weak Reference
    _printf_truncate_signed                   - Undefined Weak Reference
    _printf_truncate_unsigned                 - Undefined Weak Reference
    _rand_init                                - Undefined Weak Reference
    _signal_finish                            - Undefined Weak Reference
    _signal_init                              - Undefined Weak Reference
    _terminate_alloc                          - Undefined Weak Reference
    _terminate_user_alloc                     - Undefined Weak Reference
    _terminateio                              - Undefined Weak Reference
    __Vectors_End                            0x000000c0   Data           0  startup_mkl05z4.o(RESET)
    __Vectors_Size                           0x000000c0   Number         0  startup_mkl05z4.o ABSOLUTE
    __main                                   0x000000c1   Thumb Code     8  __main.o(!!!main)
    __scatterload                            0x000000c9   Thumb Code     0  __scatter.o(!!!scatter)
    __scatterload_rt2                        0x000000c9   Thumb Code    52  __scatter.o(!!!scatter)
    __scatterload_rt2_thumb_only             0x000000c9   Thumb Code     0  __scatter.o(!!!scatter)
    __scatterload_null                       0x000000d9   Thumb Code     0  __scatter.o(!!!scatter)
    __scatterload_copy                       0x00000105   Thumb Code    26  __scatter_copy.o(!!handler_copy)
    __scatterload_zeroinit                   0x00000121   Thumb Code    28  __scatter_zi.o(!!handler_zi)
    _printf_percent                          0x0000013d   Thumb Code     0  _printf_percent.o(.ARM.Collect$$_printf_percent$$00000000)
    _printf_f                                0x0000013f   Thumb Code     0  _printf_f.o(.ARM.Collect$$_printf_percent$$00000003)
    _printf_d                                0x00000149   Thumb Code     0  _printf_d.o(.ARM.Collect$$_printf_percent$$00000009)
    _printf_percent_end                      0x00000153   Thumb Code     0  _printf_percent_end.o(.ARM.Collect$$_printf_percent$$00000017)
    __rt_lib_init                            0x00000157   Thumb Code     0  libinit.o(.ARM.Collect$$libinit$$00000000)
    __rt_lib_init_fp_1                       0x00000159   Thumb Code     0  libinit2.o(.ARM.Collect$$libinit$$00000002)
    __rt_lib_init_heap_1                     0x00000159   Thumb Code     0  libinit2.o(.ARM.Collect$$libinit$$0000000C)
    __rt_lib_init_lc_common                  0x00000159   Thumb Code     0  libinit2.o(.ARM.Collect$$libinit$$00000011)
    __rt_lib_init_preinit_1                  0x00000159   Thumb Code     0  libinit2.o(.ARM.Collect$$libinit$$00000006)
    __rt_lib_init_rand_1                     0x00000159   Thumb Code     0  libinit2.o(.ARM.Collect$$libinit$$00000010)
    __rt_lib_init_relocate_pie_1             0x00000159   Thumb Code     0  libinit2.o(.ARM.Collect$$libinit$$00000004)
    __rt_lib_init_user_alloc_1               0x00000159   Thumb Code     0  libinit2.o(.ARM.Collect$$libinit$$0000000E)
    __rt_lib_init_lc_collate_1               0x0000015f   Thumb Code     0  libinit2.o(.ARM.Collect$$libinit$$00000013)
    __rt_lib_init_lc_ctype_1                 0x0000015f   Thumb Code     0  libinit2.o(.ARM.Collect$$libinit$$00000015)
    __rt_lib_init_lc_monetary_1              0x0000015f   Thumb Code     0  libinit2.o(.ARM.Collect$$libinit$$00000017)
    __rt_lib_init_lc_numeric_2               0x0000015f   Thumb Code     0  libinit2.o(.ARM.Collect$$libinit$$00000018)
    __rt_lib_init_alloca_1                   0x00000169   Thumb Code     0  libinit2.o(.ARM.Collect$$libinit$$00000030)
    __rt_lib_init_argv_1                     0x00000169   Thumb Code     0  libinit2.o(.ARM.Collect$$libinit$$0000002E)
    __rt_lib_init_atexit_1                   0x00000169   Thumb Code     0  libinit2.o(.ARM.Collect$$libinit$$0000001D)
    __rt_lib_init_clock_1                    0x00000169   Thumb Code     0  libinit2.o(.ARM.Collect$$libinit$$00000023)
    __rt_lib_init_cpp_1                      0x00000169   Thumb Code     0  libinit2.o(.ARM.Collect$$libinit$$00000034)
    __rt_lib_init_exceptions_1               0x00000169   Thumb Code     0  libinit2.o(.ARM.Collect$$libinit$$00000032)
    __rt_lib_init_fp_trap_1                  0x00000169   Thumb Code     0  libinit2.o(.ARM.Collect$$libinit$$00000021)
    __rt_lib_init_getenv_1                   0x00000169   Thumb Code     0  libinit2.o(.ARM.Collect$$libinit$$00000025)
    __rt_lib_init_lc_numeric_1               0x00000169   Thumb Code     0  libinit2.o(.ARM.Collect$$libinit$$00000019)
    __rt_lib_init_lc_time_1                  0x00000169   Thumb Code     0  libinit2.o(.ARM.Collect$$libinit$$0000001B)
    __rt_lib_init_return                     0x00000169   Thumb Code     0  libinit2.o(.ARM.Collect$$libinit$$00000035)
    __rt_lib_init_signal_1                   0x00000169   Thumb Code     0  libinit2.o(.ARM.Collect$$libinit$$0000001F)
    __rt_lib_init_stdio_1                    0x00000169   Thumb Code     0  libinit2.o(.ARM.Collect$$libinit$$00000027)
    __rt_lib_shutdown                        0x0000016b   Thumb Code     0  libshutdown.o(.ARM.Collect$$libshutdown$$00000000)
    __rt_lib_shutdown_cpp_1                  0x0000016d   Thumb Code     0  libshutdown2.o(.ARM.Collect$$libshutdown$$00000002)
    __rt_lib_shutdown_fp_trap_1              0x0000016d   Thumb Code     0  libshutdown2.o(.ARM.Collect$$libshutdown$$00000007)
    __rt_lib_shutdown_heap_1                 0x0000016d   Thumb Code     0  libshutdown2.o(.ARM.Collect$$libshutdown$$0000000F)
    __rt_lib_shutdown_return                 0x0000016d   Thumb Code     0  libshutdown2.o(.ARM.Collect$$libshutdown$$00000010)
    __rt_lib_shutdown_signal_1               0x0000016d   Thumb Code     0  libshutdown2.o(.ARM.Collect$$libshutdown$$0000000A)
    __rt_lib_shutdown_stdio_1                0x0000016d   Thumb Code     0  libshutdown2.o(.ARM.Collect$$libshutdown$$00000004)
    __rt_lib_shutdown_user_alloc_1           0x0000016d   Thumb Code     0  libshutdown2.o(.ARM.Collect$$libshutdown$$0000000C)
    __rt_entry                               0x0000016f   Thumb Code     0  __rtentry.o(.ARM.Collect$$rtentry$$00000000)
    __rt_entry_presh_1                       0x0000016f   Thumb Code     0  __rtentry2.o(.ARM.Collect$$rtentry$$00000002)
    __rt_entry_sh                            0x0000016f   Thumb Code     0  __rtentry4.o(.ARM.Collect$$rtentry$$00000004)
    __rt_entry_li                            0x00000175   Thumb Code     0  __rtentry2.o(.ARM.Collect$$rtentry$$0000000A)
    __rt_entry_postsh_1                      0x00000175   Thumb Code     0  __rtentry2.o(.ARM.Collect$$rtentry$$00000009)
    __rt_entry_main                          0x00000179   Thumb Code     0  __rtentry2.o(.ARM.Collect$$rtentry$$0000000D)
    __rt_entry_postli_1                      0x00000179   Thumb Code     0  __rtentry2.o(.ARM.Collect$$rtentry$$0000000C)
    __rt_exit                                0x00000181   Thumb Code     0  rtexit.o(.ARM.Collect$$rtexit$$00000000)
    __rt_exit_ls                             0x00000183   Thumb Code     0  rtexit2.o(.ARM.Collect$$rtexit$$00000003)
    __rt_exit_prels_1                        0x00000183   Thumb Code     0  rtexit2.o(.ARM.Collect$$rtexit$$00000002)
    __rt_exit_exit                           0x00000187   Thumb Code     0  rtexit2.o(.ARM.Collect$$rtexit$$00000004)
    ADC_Init                                 0x0000018d   Thumb Code   160  adc.o(.text)
    Reset_Handler                            0x00000241   Thumb Code     8  startup_mkl05z4.o(.text)
    NMI_Handler                              0x00000249   Thumb Code     2  startup_mkl05z4.o(.text)
    HardFault_Handler                        0x0000024b   Thumb Code     2  startup_mkl05z4.o(.text)
    SVC_Handler                              0x0000024d   Thumb Code     2  startup_mkl05z4.o(.text)
    PendSV_Handler                           0x0000024f   Thumb Code     2  startup_mkl05z4.o(.text)
    SysTick_Handler                          0x00000251   Thumb Code     2  startup_mkl05z4.o(.text)
    CMP0_IRQHandler                          0x00000253   Thumb Code     0  startup_mkl05z4.o(.text)
    DAC0_IRQHandler                          0x00000253   Thumb Code     0  startup_mkl05z4.o(.text)
    DMA0_IRQHandler                          0x00000253   Thumb Code     0  startup_mkl05z4.o(.text)
    DMA1_IRQHandler                          0x00000253   Thumb Code     0  startup_mkl05z4.o(.text)
    DMA2_IRQHandler                          0x00000253   Thumb Code     0  startup_mkl05z4.o(.text)
    DMA3_IRQHandler                          0x00000253   Thumb Code     0  startup_mkl05z4.o(.text)
    DefaultISR                               0x00000253   Thumb Code     0  startup_mkl05z4.o(.text)
    FTFA_IRQHandler                          0x00000253   Thumb Code     0  startup_mkl05z4.o(.text)
    I2C0_IRQHandler                          0x00000253   Thumb Code     0  startup_mkl05z4.o(.text)
    LLW_IRQHandler                           0x00000253   Thumb Code     0  startup_mkl05z4.o(.text)
    LPTimer_IRQHandler                       0x00000253   Thumb Code     0  startup_mkl05z4.o(.text)
    LVD_LVW_IRQHandler                       0x00000253   Thumb Code     0  startup_mkl05z4.o(.text)
    MCG_IRQHandler                           0x00000253   Thumb Code     0  startup_mkl05z4.o(.text)
    PORTA_IRQHandler                         0x00000253   Thumb Code     0  startup_mkl05z4.o(.text)
    PORTB_IRQHandler                         0x00000253   Thumb Code     0  startup_mkl05z4.o(.text)
    RTC_IRQHandler                           0x00000253   Thumb Code     0  startup_mkl05z4.o(.text)
    RTC_Seconds_IRQHandler                   0x00000253   Thumb Code     0  startup_mkl05z4.o(.text)
    Reserved20_IRQHandler                    0x00000253   Thumb Code     0  startup_mkl05z4.o(.text)
    Reserved25_IRQHandler                    0x00000253   Thumb Code     0  startup_mkl05z4.o(.text)
    Reserved27_IRQHandler                    0x00000253   Thumb Code     0  startup_mkl05z4.o(.text)
    Reserved29_IRQHandler                    0x00000253   Thumb Code     0  startup_mkl05z4.o(.text)
    Reserved30_IRQHandler                    0x00000253   Thumb Code     0  startup_mkl05z4.o(.text)
    Reserved35_IRQHandler                    0x00000253   Thumb Code     0  startup_mkl05z4.o(.text)
    Reserved39_IRQHandler                    0x00000253   Thumb Code     0  startup_mkl05z4.o(.text)
    Reserved40_IRQHandler                    0x00000253   Thumb Code     0  startup_mkl05z4.o(.text)
    Reserved45_IRQHandler                    0x00000253   Thumb Code     0  startup_mkl05z4.o(.text)
    SPI0_IRQHandler                          0x00000253   Thumb Code     0  startup_mkl05z4.o(.text)
    TPM0_IRQHandler                          0x00000253   Thumb Code     0  startup_mkl05z4.o(.text)
    TPM1_IRQHandler                          0x00000253   Thumb Code     0  startup_mkl05z4.o(.text)
    TSI0_IRQHandler                          0x00000253   Thumb Code     0  startup_mkl05z4.o(.text)
    UART0_IRQHandler                         0x00000253   Thumb Code     0  startup_mkl05z4.o(.text)
    __user_initial_stackheap                 0x00000255   Thumb Code     0  startup_mkl05z4.o(.text)
    SystemInit                               0x00000275   Thumb Code    60  system_mkl05z4.o(.text)
    SystemCoreClockUpdate                    0x000002c1   Thumb Code   160  system_mkl05z4.o(.text)
    __2sprintf                               0x00000379   Thumb Code    36  noretval__2sprintf.o(.text)
    __use_two_region_memory                  0x000003a1   Thumb Code     2  heapauxi.o(.text)
    __rt_heap_escrow$2region                 0x000003a3   Thumb Code     2  heapauxi.o(.text)
    __rt_heap_expand$2region                 0x000003a5   Thumb Code     2  heapauxi.o(.text)
    __aeabi_i2d_normalise                    0x000003a7   Thumb Code    66  dflti.o(.text)
    __aeabi_i2d                              0x000003e9   Thumb Code    16  dflti.o(.text)
    _dflt                                    0x000003e9   Thumb Code     0  dflti.o(.text)
    __aeabi_ui2d                             0x000003f9   Thumb Code     6  dflti.o(.text)
    _dfltu                                   0x000003f9   Thumb Code     0  dflti.o(.text)
    __I$use$semihosting                      0x000003ff   Thumb Code     0  use_no_semi.o(.text)
    __use_no_semihosting_swi                 0x000003ff   Thumb Code     2  use_no_semi.o(.text)
    I2C_Init                                 0x00000411   Thumb Code    64  i2c.o(.text)
    I2C_Ping                                 0x0000045d   Thumb Code   124  i2c.o(.text)
    i2c_enable                               0x000004e5   Thumb Code    12  i2c.o(.text)
    i2c_tran                                 0x000004f5   Thumb Code    12  i2c.o(.text)
    i2c_m_start                              0x00000505   Thumb Code    12  i2c.o(.text)
    i2c_send                                 0x00000515   Thumb Code     8  i2c.o(.text)
    i2c_wait                                 0x00000521   Thumb Code    76  i2c.o(.text)
    i2c_m_stop                               0x00000579   Thumb Code    12  i2c.o(.text)
    i2c_disable                              0x00000589   Thumb Code    12  i2c.o(.text)
    I2C_Write                                0x00000599   Thumb Code   184  i2c.o(.text)
    I2C_Read                                 0x0000065d   Thumb Code   200  i2c.o(.text)
    i2c_rec                                  0x00000735   Thumb Code    12  i2c.o(.text)
    i2c_nack                                 0x00000745   Thumb Code    12  i2c.o(.text)
    i2c_recv                                 0x00000755   Thumb Code     8  i2c.o(.text)
    i2c_wait_rec                             0x00000761   Thumb Code    60  i2c.o(.text)
    I2C_WriteReg                             0x000007a9   Thumb Code   256  i2c.o(.text)
    I2C_ReadReg                              0x000008b5   Thumb Code   368  i2c.o(.text)
    i2c_clr_IICIF                            0x00000a35   Thumb Code    12  i2c.o(.text)
    i2c_m_rstart                             0x00000a45   Thumb Code    20  i2c.o(.text)
    I2C_ReadRegBlock                         0x00000a5d   Thumb Code   572  i2c.o(.text)
    i2c_ack                                  0x00000ca9   Thumb Code    12  i2c.o(.text)
    LCD1602_Init                             0x00000cb9   Thumb Code   104  lcd1602.o(.text)
    LCD1602_CheckAddress                     0x00000d29   Thumb Code    40  lcd1602.o(.text)
    LCD1602_Write8                           0x00000d55   Thumb Code   160  lcd1602.o(.text)
    LCD1602_Blink_On                         0x00000dfd   Thumb Code    12  lcd1602.o(.text)
    LCD1602_Blink_Off                        0x00000e09   Thumb Code    12  lcd1602.o(.text)
    LCD1602_Blink_Off_Cursor_On              0x00000e15   Thumb Code    12  lcd1602.o(.text)
    LCD1602_SetCursor                        0x00000e21   Thumb Code    30  lcd1602.o(.text)
    LCD1602_ClearAll                         0x00000e3f   Thumb Code    12  lcd1602.o(.text)
    LCD1602_Print                            0x00000e4b   Thumb Code    32  lcd1602.o(.text)
    LCD1602_PrintNum                         0x00000e6d   Thumb Code   168  lcd1602.o(.text)
    itoa                                     0x00000f1d   Thumb Code   112  lcd1602.o(.text)
    LCD1602_Backlight                        0x00000f8d   Thumb Code    36  lcd1602.o(.text)
    PCF8574_Write                            0x00000fb9   Thumb Code    36  lcd1602.o(.text)
    LCD1602_Write4                           0x00000fe5   Thumb Code    80  lcd1602.o(.text)
    LCD1602_BF_AC                            0x0000103d   Thumb Code   200  lcd1602.o(.text)
    LCD1602_PL_CH                            0x0000110d   Thumb Code   164  lcd1602.o(.text)
    LCD1602_PrintPL                          0x000011d1   Thumb Code   136  lcd1602.o(.text)
    PIT_Init                                 0x00001259   Thumb Code    68  main.o(.text)
    PIT_IRQHandler                           0x000012b5   Thumb Code    24  main.o(.text)
    ADC0_IRQHandler                          0x000012d5   Thumb Code    36  main.o(.text)
    dekoduj_znak                             0x00001309   Thumb Code   624  main.o(.text)
    kalibracja                               0x00001661   Thumb Code   168  main.o(.text)
    measure_high                             0x00001735   Thumb Code   112  main.o(.text)
    measure_low                              0x000017c5   Thumb Code   152  main.o(.text)
    main                                     0x00001885   Thumb Code  1188  main.o(.text)
    _printf_int_dec                          0x00001dbd   Thumb Code    90  _printf_dec.o(.text)
    __printf                                 0x00001e29   Thumb Code   270  __printf_wp.o(.text)
    strcmp                                   0x00001f39   Thumb Code   176  strcmpv6m.o(.text)
    __aeabi_uidivmod                         0x00001fe9   Thumb Code    28  aeabi_sdivfast.o(.text)
    __aeabi_idivmod                          0x00002005   Thumb Code   472  aeabi_sdivfast.o(.text)
    __aeabi_dadd                             0x000024d9   Thumb Code     0  daddsub.o(.text)
    _dadd                                    0x000024d9   Thumb Code    26  daddsub.o(.text)
    __aeabi_dsub                             0x000024f3   Thumb Code     0  daddsub.o(.text)
    _dsub                                    0x000024f3   Thumb Code    22  daddsub.o(.text)
    __aeabi_drsub                            0x00002509   Thumb Code     0  daddsub.o(.text)
    _drsb                                    0x00002509   Thumb Code    28  daddsub.o(.text)
    __aeabi_dmul                             0x00002539   Thumb Code     0  dmul.o(.text)
    _dmul                                    0x00002539   Thumb Code   558  dmul.o(.text)
    __aeabi_f2d                              0x00002781   Thumb Code     0  f2d.o(.text)
    _f2d                                     0x00002781   Thumb Code    80  f2d.o(.text)
    __aeabi_i2f_normalise                    0x000027d5   Thumb Code    72  fflti.o(.text)
    __aeabi_i2f                              0x0000281d   Thumb Code    16  fflti.o(.text)
    _fflt                                    0x0000281d   Thumb Code     0  fflti.o(.text)
    __aeabi_ui2f                             0x0000282d   Thumb Code     6  fflti.o(.text)
    _ffltu                                   0x0000282d   Thumb Code     0  fflti.o(.text)
    _printf_int_common                       0x00002833   Thumb Code   176  _printf_intcommon.o(.text)
    _printf_fp_dec_real                      0x00002a81   Thumb Code   620  _printf_fp_dec.o(.text)
    _printf_char_common                      0x00002d03   Thumb Code    32  _printf_char_common.o(.text)
    _sputc                                   0x00002d29   Thumb Code    10  _sputc.o(.text)
    __rt_udiv10                              0x00002d33   Thumb Code    40  rtudiv10.o(.text)
    __rt_locale                              0x00002d5d   Thumb Code     8  rt_locale_intlibspace.o(.text)
    _ll_udiv10                               0x00002d65   Thumb Code   122  lludiv10.o(.text)
    _printf_fp_infnan                        0x00002de1   Thumb Code   120  _printf_fp_infnan.o(.text)
    _btod_etento                             0x00002e69   Thumb Code   210  bigflt0.o(.text)
    _btod_d2e                                0x00002f41   Thumb Code    64  btod.o(.text)
    _btod_emul                               0x00003375   Thumb Code    28  btod.o(.text)
    _btod_emuld                              0x00003391   Thumb Code   144  btod.o(.text)
    _btod_ediv                               0x00003421   Thumb Code    26  btod.o(.text)
    _btod_edivd                              0x0000343b   Thumb Code   124  btod.o(.text)
    __fpl_dcmp_InfNaN                        0x000034c1   Thumb Code   154  dcmpin.o(.text)
    __fpl_fcmp_InfNaN                        0x00003561   Thumb Code    96  fcmpin.o(.text)
    __user_libspace                          0x000035c5   Thumb Code     8  libspace.o(.text)
    __user_perproc_libspace                  0x000035c5   Thumb Code     0  libspace.o(.text)
    __user_perthread_libspace                0x000035c5   Thumb Code     0  libspace.o(.text)
    __user_setup_stackheap                   0x000035cd   Thumb Code    62  sys_stackheap_outer.o(.text)
    exit                                     0x0000360b   Thumb Code    16  exit.o(.text)
    __fpl_cmpreturn                          0x0000361b   Thumb Code    46  cmpret.o(.text)
    __fpl_dcheck_NaN2                        0x00003649   Thumb Code    14  dnan2.o(.text)
    __fpl_fcheck_NaN2                        0x0000365d   Thumb Code    10  fnan2.o(.text)
    __fpl_return_NaN                         0x0000366d   Thumb Code    94  retnan.o(.text)
    _sys_exit                                0x000036cd   Thumb Code     8  sys_exit.o(.text)
    __aeabi_uidiv                            0x000036d9   Thumb Code    68  aeabi_sdivfast.o(.text_divfast)
    __semihosting_library_function           0x000036d9   Thumb Code     0  indicate_semi.o(.text)
    __aeabi_idiv                             0x0000371d   Thumb Code   434  aeabi_sdivfast.o(.text_divfast)
    __ARM_common_ll_muluu                    0x000038cf   Thumb Code    48  btod.o(i.__ARM_common_ll_muluu)
    __ARM_fpclassify                         0x00003901   Thumb Code    40  fpclassify.o(i.__ARM_fpclassify)
    __aeabi_dcmpge                           0x0000392d   Thumb Code     0  dcmp.o(i._dgeq)
    _dgeq                                    0x0000392d   Thumb Code    22  dcmp.o(i._dgeq)
    __aeabi_dcmpgt                           0x00003943   Thumb Code     0  dcmp.o(i._dgr)
    _dgr                                     0x00003943   Thumb Code    22  dcmp.o(i._dgr)
    __aeabi_dcmple                           0x00003959   Thumb Code     0  dcmp.o(i._dleq)
    _dleq                                    0x00003959   Thumb Code    26  dcmp.o(i._dleq)
    __aeabi_fcmpge                           0x00003973   Thumb Code     0  fcmp.o(i._fgeq)
    _fgeq                                    0x00003973   Thumb Code    22  fcmp.o(i._fgeq)
    __aeabi_fcmplt                           0x00003989   Thumb Code     0  fcmp.o(i._fls)
    _fls                                     0x00003989   Thumb Code    22  fcmp.o(i._fls)
    _is_digit                                0x0000399f   Thumb Code    14  __printf_wp.o(i._is_digit)
    _get_lc_numeric                          0x000039ad   Thumb Code    44  lc_numeric_c.o(locale$$code)
    _dcmpge                                  0x000039d9   Thumb Code    94  dgef.o(x$fpl$dgeqf)
    __aeabi_cdcmple                          0x00003a3d   Thumb Code     0  dlef.o(x$fpl$dleqf)
    _dcmple                                  0x00003a3d   Thumb Code    94  dlef.o(x$fpl$dleqf)
    _fcmpge                                  0x00003aa1   Thumb Code    78  fgef.o(x$fpl$fgeqf)
    __aeabi_cfcmple                          0x00003af5   Thumb Code     0  flef.o(x$fpl$fleqf)
    _fcmple                                  0x00003af5   Thumb Code    78  flef.o(x$fpl$fleqf)
    __aeabi_fmul                             0x00003b49   Thumb Code     0  fmul.o(x$fpl$fmul)
    _fmul                                    0x00003b49   Thumb Code   172  fmul.o(x$fpl$fmul)
    _printf_fp_dec                           0x00003bf9   Thumb Code    16  printf1.o(x$fpl$printf1)
    __I$use$fp                               0x00003c08   Number         0  usenofp.o(x$fpl$usenofp)
    Region$$Table$$Base                      0x00003cd0   Number         0  anon$$obj.o(Region$$Table)
    Region$$Table$$Limit                     0x00003cf0   Number         0  anon$$obj.o(Region$$Table)
    PL_CH_a_                                 0x1ffffc00   Data           8  lcd1602.o(.data.PL_CH_a_)
    PL_CH_c_                                 0x1ffffc08   Data           8  lcd1602.o(.data.PL_CH_c_)
    PL_CH_e_                                 0x1ffffc10   Data           8  lcd1602.o(.data.PL_CH_e_)
    PL_CH_l_                                 0x1ffffc18   Data           8  lcd1602.o(.data.PL_CH_l_)
    PL_CH_n_                                 0x1ffffc20   Data           8  lcd1602.o(.data.PL_CH_n_)
    PL_CH_o_                                 0x1ffffc28   Data           8  lcd1602.o(.data.PL_CH_o_)
    PL_CH_s_                                 0x1ffffc30   Data           8  lcd1602.o(.data.PL_CH_s_)
    PL_CH_z_                                 0x1ffffc38   Data           8  lcd1602.o(.data.PL_CH_z_)
    SystemCoreClock                          0x1ffffc40   Data           4  system_mkl05z4.o(.data.SystemCoreClock)
    adc_volt_coeff                           0x1ffffc44   Data           4  main.o(.data.adc_volt_coeff)
    display                                  0x1ffffc48   Data          17  main.o(.data.display)
    jednostkaczasu_ms                        0x1ffffc5c   Data           4  main.o(.data.jednostkaczasu_ms)
    kod                                      0x1ffffc60   Data           6  main.o(.data.kod)
    prog_tla                                 0x1ffffc68   Data           4  main.o(.data.prog_tla)
    tolerancja_ms                            0x1ffffc6c   Data           4  main.o(.data.tolerancja_ms)
    wyraz                                    0x1ffffc70   Data          17  main.o(.data.wyraz)
    __libspace_start                         0x1ffffc88   Data          96  libspace.o(.bss)
    __temporary_stack_top$libspace           0x1ffffce8   Data           0  libspace.o(.bss)
    czas_trwania_h                           0x1ffffce8   Data           4  main.o(.bss.czas_trwania_h)
    czas_trwania_l                           0x1ffffcec   Data           4  main.o(.bss.czas_trwania_l)
    dummy                                    0x1ffffcf0   Data           1  i2c.o(.bss.dummy)
    temp                                     0x1ffffcf4   Data           2  main.o(.bss.temp)
    timer_ms                                 0x1ffffcf8   Data           4  main.o(.bss.timer_ms)
    wynik                                    0x1ffffcfc   Data           4  main.o(.bss.wynik)
    wynik_ok                                 0x1ffffd00   Data           1  main.o(.bss.wynik_ok)
    wyraz_i                                  0x1ffffd04   Data           4  main.o(.bss.wyraz_i)



==============================================================================

Memory Map of the image

  Image Entry point : 0x000000c1

  Load Region LR_IROM1 (Base: 0x00000000, Size: 0x00003d98, Max: 0x00008000, ABSOLUTE)

    Execution Region ER_IROM1 (Exec base: 0x00000000, Load base: 0x00000000, Size: 0x00003d0c, Max: 0x00008000, ABSOLUTE)

    Exec Addr    Load Addr    Size         Type   Attr      Idx    E Section Name        Object

    0x00000000   0x00000000   0x000000c0   Data   RO           66    RESET               startup_mkl05z4.o
    0x000000c0   0x000000c0   0x00000008   Code   RO          130  * !!!main             c_p.l(__main.o)
    0x000000c8   0x000000c8   0x0000003c   Code   RO          414    !!!scatter          c_p.l(__scatter.o)
    0x00000104   0x00000104   0x0000001a   Code   RO          416    !!handler_copy      c_p.l(__scatter_copy.o)
    0x0000011e   0x0000011e   0x00000002   PAD
    0x00000120   0x00000120   0x0000001c   Code   RO          418    !!handler_zi        c_p.l(__scatter_zi.o)
    0x0000013c   0x0000013c   0x00000002   Code   RO          117    .ARM.Collect$$_printf_percent$$00000000  c_p.l(_printf_percent.o)
    0x0000013e   0x0000013e   0x0000000a   Code   RO          116    .ARM.Collect$$_printf_percent$$00000003  c_p.l(_printf_f.o)
    0x00000148   0x00000148   0x0000000a   Code   RO          115    .ARM.Collect$$_printf_percent$$00000009  c_p.l(_printf_d.o)
    0x00000152   0x00000152   0x00000004   Code   RO          185    .ARM.Collect$$_printf_percent$$00000017  c_p.l(_printf_percent_end.o)
    0x00000156   0x00000156   0x00000002   Code   RO          268    .ARM.Collect$$libinit$$00000000  c_p.l(libinit.o)
    0x00000158   0x00000158   0x00000000   Code   RO          270    .ARM.Collect$$libinit$$00000002  c_p.l(libinit2.o)
    0x00000158   0x00000158   0x00000000   Code   RO          272    .ARM.Collect$$libinit$$00000004  c_p.l(libinit2.o)
    0x00000158   0x00000158   0x00000000   Code   RO          274    .ARM.Collect$$libinit$$00000006  c_p.l(libinit2.o)
    0x00000158   0x00000158   0x00000000   Code   RO          277    .ARM.Collect$$libinit$$0000000C  c_p.l(libinit2.o)
    0x00000158   0x00000158   0x00000000   Code   RO          279    .ARM.Collect$$libinit$$0000000E  c_p.l(libinit2.o)
    0x00000158   0x00000158   0x00000000   Code   RO          281    .ARM.Collect$$libinit$$00000010  c_p.l(libinit2.o)
    0x00000158   0x00000158   0x00000006   Code   RO          282    .ARM.Collect$$libinit$$00000011  c_p.l(libinit2.o)
    0x0000015e   0x0000015e   0x00000000   Code   RO          284    .ARM.Collect$$libinit$$00000013  c_p.l(libinit2.o)
    0x0000015e   0x0000015e   0x00000000   Code   RO          286    .ARM.Collect$$libinit$$00000015  c_p.l(libinit2.o)
    0x0000015e   0x0000015e   0x00000000   Code   RO          288    .ARM.Collect$$libinit$$00000017  c_p.l(libinit2.o)
    0x0000015e   0x0000015e   0x0000000a   Code   RO          289    .ARM.Collect$$libinit$$00000018  c_p.l(libinit2.o)
    0x00000168   0x00000168   0x00000000   Code   RO          290    .ARM.Collect$$libinit$$00000019  c_p.l(libinit2.o)
    0x00000168   0x00000168   0x00000000   Code   RO          292    .ARM.Collect$$libinit$$0000001B  c_p.l(libinit2.o)
    0x00000168   0x00000168   0x00000000   Code   RO          294    .ARM.Collect$$libinit$$0000001D  c_p.l(libinit2.o)
    0x00000168   0x00000168   0x00000000   Code   RO          296    .ARM.Collect$$libinit$$0000001F  c_p.l(libinit2.o)
    0x00000168   0x00000168   0x00000000   Code   RO          298    .ARM.Collect$$libinit$$00000021  c_p.l(libinit2.o)
    0x00000168   0x00000168   0x00000000   Code   RO          300    .ARM.Collect$$libinit$$00000023  c_p.l(libinit2.o)
    0x00000168   0x00000168   0x00000000   Code   RO          302    .ARM.Collect$$libinit$$00000025  c_p.l(libinit2.o)
    0x00000168   0x00000168   0x00000000   Code   RO          304    .ARM.Collect$$libinit$$00000027  c_p.l(libinit2.o)
    0x00000168   0x00000168   0x00000000   Code   RO          308    .ARM.Collect$$libinit$$0000002E  c_p.l(libinit2.o)
    0x00000168   0x00000168   0x00000000   Code   RO          310    .ARM.Collect$$libinit$$00000030  c_p.l(libinit2.o)
    0x00000168   0x00000168   0x00000000   Code   RO          312    .ARM.Collect$$libinit$$00000032  c_p.l(libinit2.o)
    0x00000168   0x00000168   0x00000000   Code   RO          314    .ARM.Collect$$libinit$$00000034  c_p.l(libinit2.o)
    0x00000168   0x00000168   0x00000002   Code   RO          315    .ARM.Collect$$libinit$$00000035  c_p.l(libinit2.o)
    0x0000016a   0x0000016a   0x00000002   Code   RO          379    .ARM.Collect$$libshutdown$$00000000  c_p.l(libshutdown.o)
    0x0000016c   0x0000016c   0x00000000   Code   RO          397    .ARM.Collect$$libshutdown$$00000002  c_p.l(libshutdown2.o)
    0x0000016c   0x0000016c   0x00000000   Code   RO          399    .ARM.Collect$$libshutdown$$00000004  c_p.l(libshutdown2.o)
    0x0000016c   0x0000016c   0x00000000   Code   RO          402    .ARM.Collect$$libshutdown$$00000007  c_p.l(libshutdown2.o)
    0x0000016c   0x0000016c   0x00000000   Code   RO          405    .ARM.Collect$$libshutdown$$0000000A  c_p.l(libshutdown2.o)
    0x0000016c   0x0000016c   0x00000000   Code   RO          407    .ARM.Collect$$libshutdown$$0000000C  c_p.l(libshutdown2.o)
    0x0000016c   0x0000016c   0x00000000   Code   RO          410    .ARM.Collect$$libshutdown$$0000000F  c_p.l(libshutdown2.o)
    0x0000016c   0x0000016c   0x00000002   Code   RO          411    .ARM.Collect$$libshutdown$$00000010  c_p.l(libshutdown2.o)
    0x0000016e   0x0000016e   0x00000000   Code   RO          170    .ARM.Collect$$rtentry$$00000000  c_p.l(__rtentry.o)
    0x0000016e   0x0000016e   0x00000000   Code   RO          202    .ARM.Collect$$rtentry$$00000002  c_p.l(__rtentry2.o)
    0x0000016e   0x0000016e   0x00000006   Code   RO          214    .ARM.Collect$$rtentry$$00000004  c_p.l(__rtentry4.o)
    0x00000174   0x00000174   0x00000000   Code   RO          204    .ARM.Collect$$rtentry$$00000009  c_p.l(__rtentry2.o)
    0x00000174   0x00000174   0x00000004   Code   RO          205    .ARM.Collect$$rtentry$$0000000A  c_p.l(__rtentry2.o)
    0x00000178   0x00000178   0x00000000   Code   RO          207    .ARM.Collect$$rtentry$$0000000C  c_p.l(__rtentry2.o)
    0x00000178   0x00000178   0x00000008   Code   RO          208    .ARM.Collect$$rtentry$$0000000D  c_p.l(__rtentry2.o)
    0x00000180   0x00000180   0x00000002   Code   RO          323    .ARM.Collect$$rtexit$$00000000  c_p.l(rtexit.o)
    0x00000182   0x00000182   0x00000000   Code   RO          344    .ARM.Collect$$rtexit$$00000002  c_p.l(rtexit2.o)
    0x00000182   0x00000182   0x00000004   Code   RO          345    .ARM.Collect$$rtexit$$00000003  c_p.l(rtexit2.o)
    0x00000186   0x00000186   0x00000006   Code   RO          346    .ARM.Collect$$rtexit$$00000004  c_p.l(rtexit2.o)
    0x0000018c   0x0000018c   0x000000b4   Code   RO            1    .text               adc.o
    0x00000240   0x00000240   0x00000034   Code   RO           68    .text               startup_mkl05z4.o
    0x00000274   0x00000274   0x00000104   Code   RO           76    .text               system_mkl05z4.o
    0x00000378   0x00000378   0x00000028   Code   RO           89    .text               c_p.l(noretval__2sprintf.o)
    0x000003a0   0x000003a0   0x00000006   Code   RO          128    .text               c_p.l(heapauxi.o)
    0x000003a6   0x000003a6   0x00000058   Code   RO          146    .text               fz_ps.l(dflti.o)
    0x000003fe   0x000003fe   0x00000002   Code   RO          366    .text               c_p.l(use_no_semi.o)
    0x00000400   0x00000400   0x00000010   Code   RO           67    .ARM.__at_0x400     startup_mkl05z4.o
    0x00000410   0x00000410   0x000008a8   Code   RO            9    .text               i2c.o
    0x00000cb8   0x00000cb8   0x000005a0   Code   RO           20    .text               lcd1602.o
    0x00001258   0x00001258   0x00000b64   Code   RO           39    .text               main.o
    0x00001dbc   0x00001dbc   0x0000006c   Code   RO           93    .text               c_p.l(_printf_dec.o)
    0x00001e28   0x00001e28   0x0000010e   Code   RO          103    .text               c_p.l(__printf_wp.o)
    0x00001f36   0x00001f36   0x00000002   PAD
    0x00001f38   0x00001f38   0x000000b0   Code   RO          118    .text               c_p.l(strcmpv6m.o)
    0x00001fe8   0x00001fe8   0x000001f8   Code   RO          120    .text               c_p.l(aeabi_sdivfast.o)
    0x000021e0   0x000021e0   0x00000358   Code   RO          132    .text               fz_ps.l(daddsub.o)
    0x00002538   0x00002538   0x00000248   Code   RO          148    .text               fz_ps.l(dmul.o)
    0x00002780   0x00002780   0x00000054   Code   RO          150    .text               fz_ps.l(f2d.o)
    0x000027d4   0x000027d4   0x0000005e   Code   RO          164    .text               fz_ps.l(fflti.o)
    0x00002832   0x00002832   0x000000b0   Code   RO          175    .text               c_p.l(_printf_intcommon.o)
    0x000028e2   0x000028e2   0x00000002   PAD
    0x000028e4   0x000028e4   0x00000414   Code   RO          177    .text               c_p.l(_printf_fp_dec.o)
    0x00002cf8   0x00002cf8   0x00000030   Code   RO          181    .text               c_p.l(_printf_char_common.o)
    0x00002d28   0x00002d28   0x0000000a   Code   RO          183    .text               c_p.l(_sputc.o)
    0x00002d32   0x00002d32   0x00000028   Code   RO          186    .text               c_p.l(rtudiv10.o)
    0x00002d5a   0x00002d5a   0x00000002   PAD
    0x00002d5c   0x00002d5c   0x00000008   Code   RO          221    .text               c_p.l(rt_locale_intlibspace.o)
    0x00002d64   0x00002d64   0x0000007a   Code   RO          223    .text               c_p.l(lludiv10.o)
    0x00002dde   0x00002dde   0x00000002   PAD
    0x00002de0   0x00002de0   0x00000088   Code   RO          225    .text               c_p.l(_printf_fp_infnan.o)
    0x00002e68   0x00002e68   0x000000d8   Code   RO          229    .text               c_p.l(bigflt0.o)
    0x00002f40   0x00002f40   0x00000580   Code   RO          232    .text               c_p.l(btod.o)
    0x000034c0   0x000034c0   0x000000a0   Code   RO          241    .text               fz_ps.l(dcmpin.o)
    0x00003560   0x00003560   0x00000064   Code   RO          243    .text               fz_ps.l(fcmpin.o)
    0x000035c4   0x000035c4   0x00000008   Code   RO          249    .text               c_p.l(libspace.o)
    0x000035cc   0x000035cc   0x0000003e   Code   RO          252    .text               c_p.l(sys_stackheap_outer.o)
    0x0000360a   0x0000360a   0x00000010   Code   RO          257    .text               c_p.l(exit.o)
    0x0000361a   0x0000361a   0x0000002e   Code   RO          316    .text               fz_ps.l(cmpret.o)
    0x00003648   0x00003648   0x00000014   Code   RO          318    .text               fz_ps.l(dnan2.o)
    0x0000365c   0x0000365c   0x00000010   Code   RO          320    .text               fz_ps.l(fnan2.o)
    0x0000366c   0x0000366c   0x0000005e   Code   RO          337    .text               fz_ps.l(retnan.o)
    0x000036ca   0x000036ca   0x00000002   PAD
    0x000036cc   0x000036cc   0x0000000c   Code   RO          339    .text               c_p.l(sys_exit.o)
    0x000036d8   0x000036d8   0x00000000   Code   RO          368    .text               c_p.l(indicate_semi.o)
    0x000036d8   0x000036d8   0x000001f6   Code   RO          121    .text_divfast       c_p.l(aeabi_sdivfast.o)
    0x000038ce   0x000038ce   0x00000030   Code   RO          234    i.__ARM_common_ll_muluu  c_p.l(btod.o)
    0x000038fe   0x000038fe   0x00000002   PAD
    0x00003900   0x00003900   0x0000002c   Code   RO          247    i.__ARM_fpclassify  m_ps.l(fpclassify.o)
    0x0000392c   0x0000392c   0x00000016   Code   RO          135    i._dgeq             fz_ps.l(dcmp.o)
    0x00003942   0x00003942   0x00000016   Code   RO          136    i._dgr              fz_ps.l(dcmp.o)
    0x00003958   0x00003958   0x0000001a   Code   RO          137    i._dleq             fz_ps.l(dcmp.o)
    0x00003972   0x00003972   0x00000016   Code   RO          153    i._fgeq             fz_ps.l(fcmp.o)
    0x00003988   0x00003988   0x00000016   Code   RO          156    i._fls              fz_ps.l(fcmp.o)
    0x0000399e   0x0000399e   0x0000000e   Code   RO          105    i._is_digit         c_p.l(__printf_wp.o)
    0x000039ac   0x000039ac   0x0000002c   Code   RO          239    locale$$code        c_p.l(lc_numeric_c.o)
    0x000039d8   0x000039d8   0x00000064   Code   RO          190    x$fpl$dgeqf         fz_ps.l(dgef.o)
    0x00003a3c   0x00003a3c   0x00000064   Code   RO          192    x$fpl$dleqf         fz_ps.l(dlef.o)
    0x00003aa0   0x00003aa0   0x00000054   Code   RO          196    x$fpl$fgeqf         fz_ps.l(fgef.o)
    0x00003af4   0x00003af4   0x00000054   Code   RO          198    x$fpl$fleqf         fz_ps.l(flef.o)
    0x00003b48   0x00003b48   0x000000b0   Code   RO          166    x$fpl$fmul          fz_ps.l(fmul.o)
    0x00003bf8   0x00003bf8   0x00000010   Code   RO          168    x$fpl$printf1       fz_ps.l(printf1.o)
    0x00003c08   0x00003c08   0x00000000   Code   RO          200    x$fpl$usenofp       fz_ps.l(usenofp.o)
    0x00003c08   0x00003c08   0x00000094   Data   RO          230    .constdata          c_p.l(bigflt0.o)
    0x00003c9c   0x00003c9c   0x00000033   Data   RO           55    .rodata.str1.1      main.o
    0x00003ccf   0x00003ccf   0x00000001   PAD
    0x00003cd0   0x00003cd0   0x00000020   Data   RO          413    Region$$Table       anon$$obj.o
    0x00003cf0   0x00003cf0   0x0000001c   Data   RO          238    locale$$data        c_p.l(lc_numeric_c.o)


    Execution Region RW_IRAM1 (Exec base: 0x1ffffc00, Load base: 0x00003d10, Size: 0x00000408, Max: 0x00001000, ABSOLUTE)

    Exec Addr    Load Addr    Size         Type   Attr      Idx    E Section Name        Object

    0x1ffffc00   0x00003d10   0x00000008   Data   RW           22    .data.PL_CH_a_      lcd1602.o
    0x1ffffc08   0x00003d18   0x00000008   Data   RW           23    .data.PL_CH_c_      lcd1602.o
    0x1ffffc10   0x00003d20   0x00000008   Data   RW           24    .data.PL_CH_e_      lcd1602.o
    0x1ffffc18   0x00003d28   0x00000008   Data   RW           25    .data.PL_CH_l_      lcd1602.o
    0x1ffffc20   0x00003d30   0x00000008   Data   RW           26    .data.PL_CH_n_      lcd1602.o
    0x1ffffc28   0x00003d38   0x00000008   Data   RW           27    .data.PL_CH_o_      lcd1602.o
    0x1ffffc30   0x00003d40   0x00000008   Data   RW           28    .data.PL_CH_s_      lcd1602.o
    0x1ffffc38   0x00003d48   0x00000008   Data   RW           29    .data.PL_CH_z_      lcd1602.o
    0x1ffffc40   0x00003d50   0x00000004   Data   RW           78    .data.SystemCoreClock  system_mkl05z4.o
    0x1ffffc44   0x00003d54   0x00000004   Data   RW           43    .data.adc_volt_coeff  main.o
    0x1ffffc48   0x00003d58   0x00000011   Data   RW           50    .data.display       main.o
    0x1ffffc59   0x00003d69   0x00000003   PAD
    0x1ffffc5c   0x00003d6c   0x00000004   Data   RW           46    .data.jednostkaczasu_ms  main.o
    0x1ffffc60   0x00003d70   0x00000006   Data   RW           49    .data.kod           main.o
    0x1ffffc66   0x00003d76   0x00000001   Data   RW           31    .data.lcd_backlight  lcd1602.o
    0x1ffffc67   0x00003d77   0x00000001   PAD
    0x1ffffc68   0x00003d78   0x00000004   Data   RW           42    .data.prog_tla      main.o
    0x1ffffc6c   0x00003d7c   0x00000004   Data   RW           47    .data.tolerancja_ms  main.o
    0x1ffffc70   0x00003d80   0x00000011   Data   RW           48    .data.wyraz         main.o
    0x1ffffc81   0x00003d91   0x00000007   PAD
    0x1ffffc88        -       0x00000060   Zero   RW          250    .bss                c_p.l(libspace.o)
    0x1ffffce8        -       0x00000004   Zero   RW           51    .bss.czas_trwania_h  main.o
    0x1ffffcec        -       0x00000004   Zero   RW           52    .bss.czas_trwania_l  main.o
    0x1ffffcf0        -       0x00000001   Zero   RW           12    .bss.dummy          i2c.o
    0x1ffffcf1        -       0x00000001   Zero   RW           11    .bss.error          i2c.o
    0x1ffffcf2        -       0x00000001   Zero   RW           32    .bss.pcf_address    lcd1602.o
    0x1ffffcf3   0x00003d91   0x00000001   PAD
    0x1ffffcf4        -       0x00000002   Zero   RW           53    .bss.temp           main.o
    0x1ffffcf6   0x00003d91   0x00000002   PAD
    0x1ffffcf8        -       0x00000004   Zero   RW           45    .bss.timer_ms       main.o
    0x1ffffcfc        -       0x00000004   Zero   RW           54    .bss.wynik          main.o
    0x1ffffd00        -       0x00000001   Zero   RW           44    .bss.wynik_ok       main.o
    0x1ffffd01   0x00003d91   0x00000003   PAD
    0x1ffffd04        -       0x00000004   Zero   RW           41    .bss.wyraz_i        main.o
    0x1ffffd08        -       0x00000000   Zero   RW           65    HEAP                startup_mkl05z4.o
    0x1ffffd08        -       0x00000300   Zero   RW           64    STACK               startup_mkl05z4.o


==============================================================================

Image component sizes


      Code (inc. data)   RO Data    RW Data    ZI Data      Debug   Object Name

       180         20          0          0          0       3572   adc.o
      2216        168          0          0          2       8102   i2c.o
      1440        118          0         65          1       6325   lcd1602.o
      2916        628         51         56         23       7352   main.o
        68         38        192          0        768        848   startup_mkl05z4.o
       260         48          0          4          0       2290   system_mkl05z4.o

    ----------------------------------------------------------------------
      7080       1020        276        132        804      28489   Object Totals
         0          0         32          0          0          0   (incl. Generated)
         0          0          1          7         10          0   (incl. Padding)

    ----------------------------------------------------------------------

      Code (inc. data)   RO Data    RW Data    ZI Data      Debug   Library Member Name

         8          0          0          0          0         68   __main.o
       284          0          0          0          0        136   __printf_wp.o
         0          0          0          0          0          0   __rtentry.o
        12          0          0          0          0          0   __rtentry2.o
         6          0          0          0          0          0   __rtentry4.o
        60          8          0          0          0          0   __scatter.o
        26          0          0          0          0          0   __scatter_copy.o
        28          0          0          0          0          0   __scatter_zi.o
        48          6          0          0          0         88   _printf_char_common.o
        10          0          0          0          0          0   _printf_d.o
       108         18          0          0          0         76   _printf_dec.o
        10          0          0          0          0          0   _printf_f.o
      1044         12          0          0          0        116   _printf_fp_dec.o
       136         16          0          0          0         76   _printf_fp_infnan.o
       176          0          0          0          0         84   _printf_intcommon.o
         2          0          0          0          0          0   _printf_percent.o
         4          0          0          0          0          0   _printf_percent_end.o
        10          0          0          0          0         60   _sputc.o
      1006          4          0          0          0        184   aeabi_sdivfast.o
       216          6        148          0          0         80   bigflt0.o
      1456         30          0          0          0        336   btod.o
        16          0          0          0          0         68   exit.o
         6          0          0          0          0        136   heapauxi.o
         0          0          0          0          0          0   indicate_semi.o
        44         10         28          0          0         76   lc_numeric_c.o
         2          0          0          0          0          0   libinit.o
        18          0          0          0          0          0   libinit2.o
         2          0          0          0          0          0   libshutdown.o
         2          0          0          0          0          0   libshutdown2.o
         8          4          0          0         96         68   libspace.o
       122          0          0          0          0         72   lludiv10.o
        40          4          0          0          0         84   noretval__2sprintf.o
         8          4          0          0          0         68   rt_locale_intlibspace.o
         2          0          0          0          0          0   rtexit.o
        10          0          0          0          0          0   rtexit2.o
        40          0          0          0          0         60   rtudiv10.o
       176          4          0          0          0         80   strcmpv6m.o
        12          4          0          0          0         60   sys_exit.o
        62          0          0          0          0         80   sys_stackheap_outer.o
         2          0          0          0          0         68   use_no_semi.o
        46          0          0          0          0         60   cmpret.o
       856         20          0          0          0        208   daddsub.o
        70          0          0          0          0        204   dcmp.o
       160          6          0          0          0         76   dcmpin.o
        88          0          0          0          0         92   dflti.o
       100          4          0          0          0         92   dgef.o
       100          4          0          0          0         92   dlef.o
       584         26          0          0          0         84   dmul.o
        20          6          0          0          0         68   dnan2.o
        84          4          0          0          0         60   f2d.o
        44          0          0          0          0        136   fcmp.o
       100          4          0          0          0         68   fcmpin.o
        94          0          0          0          0         92   fflti.o
        84          4          0          0          0         76   fgef.o
        84          4          0          0          0         76   flef.o
       176          4          0          0          0         80   fmul.o
        16          6          0          0          0         68   fnan2.o
        16          4          0          0          0         76   printf1.o
        94          0          0          0          0         68   retnan.o
         0          0          0          0          0          0   usenofp.o
        44          4          0          0          0         60   fpclassify.o

    ----------------------------------------------------------------------
      8096        230        176          0         96       4060   Library Totals
        14          0          0          0          0          0   (incl. Padding)

    ----------------------------------------------------------------------

      Code (inc. data)   RO Data    RW Data    ZI Data      Debug   Library Name

      5222        130        176          0         96       2224   c_p.l
      2816         96          0          0          0       1776   fz_ps.l
        44          4          0          0          0         60   m_ps.l

    ----------------------------------------------------------------------
      8096        230        176          0         96       4060   Library Totals

    ----------------------------------------------------------------------

==============================================================================


      Code (inc. data)   RO Data    RW Data    ZI Data      Debug   

     15176       1250        452        132        900      30441   Grand Totals
     15176       1250        452        132        900      30441   ELF Image Totals
     15176       1250        452        132          0          0   ROM Totals

==============================================================================

    Total RO  Size (Code + RO Data)                15628 (  15.26kB)
    Total RW  Size (RW Data + ZI Data)              1032 (   1.01kB)
    Total ROM Size (Code + RO Data + RW Data)      15760 (  15.39kB)

==============================================================================

